[    0.000000] Linux ersion 4.15.0-62-generic (buildd@lcy01-amd64-024) (gcc version 7.4.0 (Ubuntu 7.4.0-1ubuntu1~18.04.1)) #69-Ubuntu SMP Wed Sep 4 20:55:53 UTC 2019 (Ubuntu 4.15.0-62.69-generic 4.15.18)
[    0.000000] Command line: BOOT_IMAGE=/boot/vmlinuz-4.15.0-62-generic root=LBEL=cloudimg-rootfs ro console=tty1 console=ttyS0
[   0.000000] KERNEL supported cpus:
[    .000000]   Intel GenuineIntel
[    0.000000]   AMD AuthenticAMD
[    0.000000]   Centaur CentaurHauls
[    0.000000] x86/fpu: Supporting XSAVE feature 0x001: 'x87 floating point registers'
[    0.000000] x86/fpu: Supporting XSAVE feature 0x002: 'SSE registers'
[    0.000000] x86/fpu: Supporting XSAVE feature 0x004: 'AVX registers'
[    0.000000] x86/fpu: xstate_offset[2]:  576, xstate_sizes[2]:  256
[    0.000000] x86/fpu: Enabled xstate features 0x7, context size is 832 bytes, using 'standard' format.
[    0.000000] e820: BIOS-provided physical RAM map:
[    0.000000] BIOS-e820: [mem 0x0000000000000000-0x000000000009fbff] usable
[    0.000000] BIOS-e820: [mem 0x000000000009fc00-0x000000000009ffff] reserved
[    0.000000] BIOS-e820: [mem 0x00000000000f0000-0x00000000000fffff] reserved
[    0.000000] BIOS-e820: [mem 0x0000000000100000-0x000000003ffeffff] usable
[    0.000000] BIOS-e820: [mem 0x000000003fff0000-0x000000003fffffff] ACPI data
[    0.000000] BIOS-e820: [mem 0x00000000fec00000-0x00000000fec00fff] reserved
[    0.000000] BIOS-e820: [mem 0x00000000fee00000-0x0000000fee00fff] reserved
[   0.000000] BIOS-e820: [mem 0x00000000fffc0000-0x00000000ffffffff] reserved
[   0.000000 NX (Execute Disable) protection: active
[    0.000000] SMBIOS 2.5 present.
[    0.000000] DMI: innotek GmbH VirtualBox/VirtualBox, BIOS VirtualBox 12/01/2006
[   0.000000] Hypervisor detected: KVM
[    0.000000] e820: last_pfn = 0x3fff0 max_arch_pfn = 0x400000000
[    0.000000] MTRR: Disabled
[    0.000000] x86/PAT: MTRRs disabled, skipping PAT initialization too.
[    0.000000] CPU MTRRs all blank - virtualized system.
[    0.000000] x86/PAT: Configuration [0-7]: WB  WT  UC- UC  WB  WT  UC- UC  
[   0.000000] found SMP MP-table at [mem 0x0009fff0-0x0009ffff]
[   0.000000] Scanning 1 areas for low memory corruption
[    0.000000] RAMDISK: [mem x35a8b000-0x36d3cfff]
[    0.000000] ACPI: Early table checksum verification disabled
[    0.000000] ACPI: RSDP 0x00000000000E0000 000024 (v02 VBOX  )
[    0.000000] ACPI: XSDT 0x000000003FFF0030 00003C (v01 VBOX   VBOXXSDT 00000001 ASL  00000061)
[    0.000000] ACPI: FACP 0x000000003FFF00F0 0000F4 (v04 VBOX   VBOXFACP 00000001 ASL  00000061)
[    0.000000] ACPI: DSDT 0x000000003FFF0470 0021FF (v02 VBOX   VBOXBIOS 00000002 INTL 20100528)
[    0.000000] ACPI: FACS 0x000000003FFF0200 000040
[    0.000000] ACPI: FACS 0x000000003FFF0200 000040
[   0.000000] ACI: APIC0x000000003FFF0240 00005C (v02 VBOX   VBOXAPIC 00000001 ASL  00000061)
[    0.000000] ACPI: SSDT 0x000000003FFF02A0 0001CC (v01 VBOX   VBOXCPUT 00000002 INTL 20100528)
[    0.000000] No NUMA configuration found
[    0.000000] Faking a node at [mem 0x0000000000000000-0x000000003ffeffff]
[    0.000000] NODE_DATA(0) allocated [mem 0x3ffc5000-0x3ffeffff]
[    0.000000] kvm-clock: cpu 0, msr 0:3ff44001, primar cpu clock
[    0.000000] kvm-clock: Using msrs 4b564d01 and 4b564d00
[    0.000000] kvm-clock: using sched offset of 4051760058 cycles
[    0.000000] clocksource: kvm-clock: mask: 0xffffffffffffffff max_cycles: 0x1cd42e4dffb, max_idle_ns: 881590591483 ns
[    0.000000] Zone ranges:
[    0.000000]   DMA      [mem 0x0000000000001000-0x0000000000ffffff]
[    0.000000]   DMA32    [mem 0x0000000001000000-0x000000003ffeffff]
[    0.000000]   Normal   empty
[    0.000000]   Device   empty
[    0.000000] Movable zone start for each node
[    0.000000] Early memory node ranges
[    0.000000]   node   0:[mm 0x0000000000100-0x00000000009efff]
[    0.000000]   node   0: [mem 0x0000000000100000-0x000000003ffeffff]
[    0.00000] Reserved but unavailable: 98 pages
[    0.000000] Initmem setup node 0 [mem 0x0000000000001000-0x000000003ffeffff]
[    0.000000] ACPI: PM-Timer IO Port: 0x4008
[    0.000000] IOAPIC[0]: apic_id 2, version 32, address 0xfec00000, GSI 0-23
[    0.000000] ACPI: INT_SRC_OVR (bus 0 bus_irq 0 global_irq 2 dfl dfl)
[    0.000000] ACPI: INT_SRC_OVR (bus 0 bus_irq 9 global_irq 9 low level)
[    0.000000] Using ACPI (MADT) for SMP configuration information
[    0.000000] smpboot: Allowing 2 CPUs, 0 hotplug CPUs
[    0.000000] PM: Registered nosave memory: [mem 0x00000000-0x00000fff]
[    0.000000] PM: Registered nosave memory: [mem 0x0009f000-0x009ffff]
[   0.000000] PM: Registered nosave memory: [mem 0x000a0000-0x000effff]
[    0.000000] PM: Registered nosave memory: [mem 0x000f0000-0x000fffff]
[    0.000000] e820: [mem 0x40000000-0xfebfffff avaiable for PCI devices
[    0.000000] Booting paravirtualized kernel on KVM
[    0.000000] clocksource: refined-jiffies: mask: 0xffffffff max_cycles: 0xffffffff, max_idle_ns: 7645519600211568 ns
[    0.000000] random: get_random_bytes called from start_kernel+0x99/0x4fd with crng_init=0
[    0.000000] setup_percpu: NR_CPUS:8192 nr_cpumask_bits:2 nr_cpu_ids:2 nr_node_ids:1
[    0.000000] percpu: Embedded 46 pages/cpu s151552 r8192 d28672 u1048576
[    0.000000] PV qspinlock hash table entries: 256 (order: 0, 4096 bytes)
[   0.000000 Bilt 1 zonelists, mobility grouping on.  Total pages: 257913
[    0.000000] Policy zone: DMA32
[   0.000000] Kernel command line: BOOT_IMAGE=/boot/vmlinuz-4.15.0-62-generic rt=LABL=cloudimg-rootfs ro console=tty1 console=ttyS0
[    0.000000] Memory: 983440K/1048120K available (12300K kernel code, 2481K rwdata, 4172K rodata, 2436K init, 2384K bss, 64680K reserve, 0K cma-reserved)
[    0.000000] SLUB: HWalign=64, Order=0-3, MinObjects=0, CPUs=2, Nodes=1
[    0.000000] Kernel/User page tables isolation: enabled
[    0.000000] ftrace: allocating 39306 entries in 154 pages
[    0.004000] Hierarchical RCU implementation.
[    0.004000] 	RCU restricting CPUs from NR_CPUS=8192 to nr_cpu_ids=2.
[    0.004000] 	Tasks RCU enabled.
[    0.004000] RCU: Adjusting geometry for rcu_fanout_leaf=16, nr_cpu_ids=2
[    0.00400]] NR_IRQS: 524544, nr_irqs: 440, preallocated irqs: 16
[    0.004000] Console: colour VGA+ 80x25
[    0.004000] console [tty1] enabled
[    0.004000] consol [ttyS0] enabled
[    0.004000] ACPI: Core revision 20170831
[   0.00400] API 2 ACPI AML tables successfully acquired and loaded
[   0.004000] APIC: Switch to symmetric I/O mode setup
[    0.004321] x2apic enabled
[    0.005604] Switched APIC routing to physical x2apic.
[    0.009252] ..TIMER: vector=0x30 apic1=0 pin1=2 apic2=-1 pin2=-1
[    0.012010] tsc: Detected 2494.316 MHz processor
[    0.016019] Calibrating delay loop (skipped) preset value.. 4988.63 BogoMIPS (lpj=9977264)
[    0.020010] pid_max: default: 32768 minimum: 301
[    0.021631] Security Framework initialized
[    0.024005] Yama: becoming mindful.
[    0.028049] AppArmor: AppArmor initialized
[    0.033843] Dentry cache hash table entries: 131072 (order: 8, 1048576 bytes)
[    0.036088] Inode-cache hash table entries: 65536 (order: 7, 524288 bytes)
[    0.040021] Mount-cache hash table entries: 2048 (order: 2, 16384 bytes)
[    0.044021] Mountpoint-cache hash table entries: 2048 (order: 2, 16384 bytes)
[    0.048288] Last level iTLB entries: 4KB 512, 2MB 8, 4MB 8
[    0.052005] Last level dTLB entries: 4KB 512, 2MB 32, 4MB 32, 1GB 0
[    0.056004] Spectre V1 : Mitigation: usercopy/swapgs barriers and __user pointer sanitization
[    0.058110] Spectre V2 : Mitigation: Full generic retpoline
[    0.060005] Spectre V2 : Spectre v2 / SpectreRSB mitigation: Filling RSB on context switch
[    0.064008] Speculative Store Bypass: Vulnerable
[    0.068059] MDS: Vulnerable: Clear CPU buffers attempted, no microcode
[    0.072178] Freeing SMP alternatives memory: 36K
[    0.080000] smpboot: CPU0: Intel(R) Core(TM) i5-3210M CPU @ 2.50GHz (family: 0x6, model: 0x3a, stepping: 0x9)
[    0.080000] Performance Events: unsupported p6 CPU model 58 no PMU driver, software events only.
[    0.080095] Hierarchical SRCU implementation.
[    0.084802] NMI watchdog: Perf event create on CPU 0 failed with -2
[    0.086367] NMI watchdog: Perf NMI watchdog permanently disabled
[    0.088075] smp: Bringing up secondary CPUs ...
[    0.089346] x86: Booting SMP configuration:
[    0.090466] .... node  #0, CPUs:      #1
[    0.004000] kvm-clock: cpu 1, msr 0:3ff44041, secondary cpu clock
[    0.104032] smp: Brought up 1 node, 2 CPUs
[    0.108009] smpboot: Max logical packages: 1
[    0.109156] smpboot: Total of 2 processors activated (9977.26 BogoMIPS)
[    0.112184] devtmpfs: initialized
[    0.116072] x86/mm: Memory block size: 128MB
[    0.117321] evm: security.selinux
[    0.118223] evm: security.SMACK64
[    0.120006] evm: security.SMACK64EXEC
[    0.124004] evm: security.SMACK64TRANSMUTE
[    0.128010] evm: security.SMACK64MMAP
[    0.132004] evm: security.apparmor
[    0.136008] evm: security.ima
[    0.140007] evm: security.capability
[    0.148043] clocksource: jiffies: mask: 0xffffffff max_cycles: 0xffffffff, max_idle_ns: 7645041785100000 ns
[    0.152027] futex hash table entries: 512 (order: 3, 32768 bytes)
[    0.157937] pinctrl core: initialized pinctrl subsystem
[    0.160156] RTC time: 10:21:26, date: 09/26/19
[    0.161608] NET: Registered protocol family 16
[    0.164128] audit: initializing netlink subsys (disabled)
[    0.168077] audit: type=2000 audit(1569493290.340:1): state=initialized audit_enabled=0 res=1
[    0.204019] cpuidle: using governor ladder
[    0.205494] cpuidle: using governor menu
[    0.207061] ACPI: bus type PCI registered
[    0.208015] acpiphp: ACPI Hot Plug PCI Controller Driver version: 0.5
[    0.212166] PCI: Using configuration type 1 for base access
[    0.216495] HugeTLB registered 2.00 MiB page size, pre-allocated 0 pages
[    0.220169] ACPI: Added _OSI(Module Device)
[    0.224022] ACPI: Added _OSI(Processor Device)
[    0.228013] ACPI: Added _OSI(3.0 _SCP Extensions)
[    0.230970] ACPI: Added _OSI(Processor Aggregator Device)
[    0.232005] ACPI: Added _OSI(Linux-Dell-Video)
[    0.236013] ACPI: Added _OSI(Linux-Lenovo-NV-HDMI-Audio)
[    0.240005] ACPI: Added _OSI(Linux-HPI-Hybrid-Graphics)
[    0.244417] ACPI: Executed 1 blocks of module-level executable AML code
[    0.252022] ACPI: Interpreter enabled
[    0.256040] ACPI: (supports S0 S5)
[    0.256943] ACPI: Using IOAPIC for interrupt routing
[    0.260323] PCI: Using host bridge windows from ACPI; if necessary, use "pci=nocrs" and report a bug
[    0.264252] ACPI: Enabled 2 GPEs in block 00 to 07
[    0.276651] ACPI: PCI Root Bridge [PCI0] (domain 0000 [bus 00-ff])
[    0.280026] acpi PNP0A03:00: _OSC: OS supports [ASPM ClockPM Segments MSI]
[    0.284066] acpi PNP0A03:00: _OSC: not requesting OS control; OS requires [ExtendedConfig ASPM ClockPM MSI]
[    0.288035] acpi PNP0A03:00: fail to add MMCONFIG information, can't access extended PCI configuration space under this bridge.
[    0.292679] PCI host bridge to bus 0000:00
[    0.296014] pci_bus 0000:00: root bus resource [io  0x0000-0x0cf7 window]
[    0.300007] pci_bus 0000:00: root bus resource [io  0x0d00-0xffff window]
[    0.301763] pci_bus 0000:00: root bus resource [mem 0x000a0000-0x000bffff window]
[    0.304015] pci_bus 0000:00: root bus resource [mem 0x40000000-0xfdffffff window]
[    0.308014] pci_bus 0000:00: root bus resource [bus 00-ff]
[    0.317861] pci 0000:00:01.1: legacy IDE quirk: reg 0x10: [io  0x01f0-0x01f7]
[    0.319641] pci 0000:00:01.1: legacy IDE quirk: reg 0x14: [io  0x03f6]
[    0.320007] pci 0000:00:01.1: legacy IDE quirk: reg 0x18: [io  0x0170-0x0177]
[    0.324008] pci 0000:00:01.1: legacy IDE quirk: reg 0x1c: [io  0x0376]
[    0.350549] pci 0000:00:07.0: quirk: [io  0x4000-0x403f] claimed by PIIX4 ACPI
[    0.352026] pci 0000:00:07.0: quirk: [io  0x4100-0x410f] claimed by PIIX4 SMB
[    0.368904] ACPI: PCI Interrupt Link [LNKA] (IRQs 5 9 10 *11)
[    0.372627] ACPI: PCI Interrupt Link [LNKB] (IRQs 5 9 *10 11)
[    0.376175] ACPI: PCI Interrupt Link [LNKC] (IRQs 5 *9 10 11)
[    0.380172] ACPI: PCI Interrupt Link [LNKD] (IRQs 5 9 10 *11)
[    0.384541] SCSI subsystem initialized
[    0.388089] pci 0000:00:02.0: vgaarb: setting as boot VGA device
[    0.392000] pci 0000:00:02.0: vgaarb: VGA device added: decodes=io+mem,owns=io+mem,locks=none
[    0.392012] pci 0000:00:02.0: vgaarb: bridge control possible
[    0.396003] vgaarb: loaded
[    0.400055] ACPI: bus type USB registered
[    0.401206] usbcore: registered new interface driver usbfs
[    0.402573] usbcore: registered new interface driver hub
[    0.404062] usbcore: registered new device driver usb
[    0.408129] EDAC MC: Ver: 3.0.0
[    0.412680] PCI: Using ACPI for IRQ routing
[    0.413558] NetLabel: Initializing
[    0.416007] NetLabel:  domain hash size = 128
[    0.420007] NetLabel:  protocols = UNLABELED CIPSOv4 CALIPSO
[    0.424036] NetLabel:  unlabeled traffic allowed by default
[    0.425673] clocksource: Switched to clocksource kvm-clock
[    0.442071] VFS: Disk quotas dquot_6.6.0
[  0.444547] VFS: Dquot-cache hash table entries: 512 (order 0, 4096 bytes)
[    0.499726] AppArmor: AppArmor Filesystem Enabled
[    0.509] p:PnP ACPI init
[   0.478]npPnPACI: found 3 devices

[  0994220] clocksource: acpi_pm: mask: 0xffffff max_cycles: 0xffffff, max_idle_ns: 2085701024 ns
[  109368] NET: Registered protocol family 

[    1.282928] TCP established hash table entries: 8192 (order: 4, 65536 bytes)
[    1.284976] TCP bind hash table entries: 8192 (order: 5, 131072 bytes)
[    1.286580] TCP: Hash tables configured (established 8192 bind 8192)
[    1.288173] UDP hash table entries: 512 (order: 2, 16384 bytes)
[    1.289651] UDP-Lite hash table entries: 512 (order: 2, 16384 bytes)
[  12951] NET: Registered protocol family 1
[  14277] i 0000:00:000:Litig direct PCI/PCI transfers
[  1.745009] pci 0000:00:01.0: Activating ISA DMA hg rkaround
[    1.993256] pci 0000:00:02.0: Video device with shadowed ROM at [mem 0x000c0000-0x000dffff]

[    1.997692] Unpacking initramfs...
[    2.397226] Freeing initrd memory: 19144K
[    2.407140] clocksource: tsc: mask: 0xffffffffffffffff max_cycles: 0x23f4406cc0d, max_idle_ns: 440795293671 ns
[    2.430865] platform rtc_cmos: registered platform RTC device (no PNP device found)
[    2.452206] Scanning for low memory corruption every 60 seconds
[    2.454759] Initialise system trusted keyrings
[    2.456032] Key type blacklist registered
[    2.470062] workingset: timestamp_bits=36 max_order=18 bucket_order=0
[    2.473221] zbud: loaded
[    2.483029] squashfs: version 4.0 (2009/01/31) Phillip Lougher
[    2.488529] fuse init (API version 7.26)
[    2.495624] Key type asymmetric registered
[    2.498348] Asymmetric key parser 'x509' registered
[    2.511322] Block layer SCSI generic (bsg) driver version 0.4 loaded (major 246)
[    2.526957] io scheduler noop registered
[    2.535030] io scheduler deadline registered
[    2.536481] io scheduler cfq registered (default)
[    2.538485] ACPI: AC Adapter [AC] (off-line)
[    2.539693] input: Power Button as /devices/LNXSYSTM:00/LNXPWRBN:00/input/input0
[    2.543881] ACPI: Power Button [PWRF]
[    2.569367] input: Sleep Button as /devices/LNXSYSTM:00/LNXSLPBN:00/input/input1
[    2.571822] ACPI: Sleep Button [SLPF]
[    2.573518] Serial: 8250/16550 driver, 32 ports, IRQ sharing enabled
[    2.575276] ACPI: Battery Slot [BAT0] (battery present)
[    2.606310] 00:02: ttyS0 at I/O 0x3f8 (irq = 4, base_baud = 115200) is a 16550A
[    2.609739] Linux agpgart interface v0.103
[    2.620947] loop: module loaded
[    2.622857] scsi host0: ata_piix
[    2.623969] scsi host1: ata_piix
[    2.624907] ata1: PATA max UDMA/33 cmd 0x1f0 ctl 0x3f6 bmdma 0xd000 irq 14
[    2.626598] ata2: PATA max UDMA/33 cmd 0x170 ctl 0x376 bmdma 0xd008 irq 15
[    2.628882] libphy: Fixed MDIO Bus: probed
[    2.634726] tun: Universal TUN/TAP device driver, 1.6
[    2.657046] PPP generic driver version 2.4.2
[    2.663313] ehci_hcd: USB 2.0 'Enhanced' Host Controller (EHCI) Driver
[    2.664938] ehci-pci: EHCI PCI platform driver
[    2.688716] ehci-platform: EHCI generic platform driver
[    2.708185] ohci_hcd: USB 1.1 'Open' Host Controller (OHCI) Driver
[    2.709733] ohci-pci: OHCI PCI platform driver
[    2.711187] ohci-platform: OHCI generic platform driver
[    2.712686] uhci_hcd: USB Universal Host Controller Interface driver
[    2.745656] i8042: PNP: PS/2 Controller [PNP0303:PS2K,PNP0f03:PS2M] at 0x60,0x64 irq 1,12
[    2.754520] serio: i8042 KBD port at 0x60,0x64 irq 1
[    2.763542] serio: i8042 AUX port at 0x60,0x64 irq 12
[    2.772866] mousedev: PS/2 mouse device common for all mice
[    2.780617] input: AT Translated Set 2 keyboard as /devices/platform/i8042/serio0/input/input2
[    2.792105] rtc_cmos rtc_cmos: rtc core: registered rtc_cmos as rtc0
[    2.794949] rtc_cmos rtc_cmos: alarms up to one day, 114 bytes nvram
[    2.802648] i2c /dev entries driver
[    2.816936] device-mapper: uevent: version 1.0.3
[    2.818403] device-mapper: ioctl: 4.37.0-ioctl (2017-09-20) initialised: dm-devel@redhat.com
[    2.829848] ledtrig-cpu: registered to indicate activity on CPUs
[    2.838120] NET: Registered protocol family 10
[    2.845284] Segment Routing with IPv6
[    2.846338] NET: Registered protocol family 17
[    2.847887] Key type dns_resolver registered
[    2.849475] mce: Using 0 MCE banks
[    2.850383] RAS: Correctable Errors collector initialized.
[    2.851749] sched_clock: Marking stable (2849441983, 0)->(5593152432, -2743710449)
[    2.854977] registered taskstats version 1
[    2.856230] Loading compiled-in X.509 certificates
[    2.860276] Loaded X.509 cert 'Build time autogenerated kernel key: ff1b14b29a8b0fad041e56b58c2af39eda0766ce'
[    2.863285] zswap: loaded using pool lzo/zbud
[    2.869910] Key type big_key registered
[    2.871069] Key type trusted registered
[    2.874232] Key type encrypted registered
[    2.875300] AppArmor: AppArmor sha1 policy hashing enabled
[    2.888534] ima: No TPM chip found, activating TPM-bypass! (rc=-19)
[    2.890306] ima: Allocated hash algorithm: sha1
[    2.891505] evm: HMAC attrs: 0x1
[    2.898274]   Magic number: 3:854:376
[    2.905282] rtc_cmos rtc_cmos: setting system clock to 2019-09-26 10:21:29 UTC (1569493289)
[    2.908059] BIOS EDD facility v0.16 2004-Jun-25, 0 devices found
[    2.909539] EDD information not available.
[    2.913837] Freeing unused kernel image memory: 2436K
[    2.940358] Write protecting the kernel read-only data: 20480k
[    2.942872] Freeing unused kernel image memory: 2008K
[    2.950720] Freeing unused kernel image memory: 1972K
[    3.461355] x86/mm: Checked W+X mappings: passed, no W+X pages found.
[    3.468733] x86/mm: Checking user space page tables
[    3.483585] x86/mm: Checked W+X mappings: passed, no W+X pages found.
Loading, please wait...
starting version 237
[    3.582388] e1000: Intel(R) PRO/1000 Network Driver - version 7.3.21-k8-NAPI
[    3.584875] e1000: Copyright (c) 1999-2006 Intel Corporation.
[    3.603222] Fusion MPT base driver 3.04.20
[    3.611496] Copyright (c) 1999-2008 LSI Corporation
[    3.630655] AVX version of gcm_enc/dec engaged.
[    3.639501] AES CTR mode by8 optimization enabled
[    3.675547] Fusion MPT SPI Host driver 3.04.20
[    3.835647] input: ImExPS/2 Generic Explorer Mouse as /devices/platform/i8042/serio1/input/input4
[    4.129906] e1000 0000:00:03.0 eth0: (PCI:33MHz:32-bit) 02:b7:5c:02:92:a2
[    4.198941] e1000 0000:00:03.0 eth0: Intel(R) PRO/1000 Network Connection
[    5.223867] e1000 0000:00:08.0 eth1: (PCI:33MHz:32-bit) 08:00:27:98:02:f2
[    5.231232] e1000 0000:00:08.0 eth1: Intel(R) PRO/1000 Network Connection
[    5.234383] mptbase: ioc0: Initiating bringup
[    5.235607] e1000 0000:00:03.0 enp0s3: renamed from eth0
[    5.256653] e1000 0000:00:08.0 enp0s8: renamed from eth1
[    5.344512] ioc0: LSI53C1030 A0: Capabilities={Initiator}
[    5.588800] scsi host2: ioc0: LSI53C1030 A0, FwRev=00000000h, Ports=1, MaxQ=256, IRQ=20
[    5.756991] scsi 2:0:0:0: Direct-Access     VBOX     HARDDISK         1.0  PQ: 0 ANSI: 5
[    6.406146] scsi target2:0:0: Beginning Domain Validation
[    6.433425] scsi target2:0:0: Domain Validation skipping write tests
[    6.435074] scsi target2:0:0: Ending Domain Validation
[    6.436473] scsi target2:0:0: asynchronous
[    6.592126] scsi 2:0:1:0: Direct-Access     VBOX     HARDDISK         1.0  PQ: 0 ANSI: 5
[    7.088383] scsi target2:0:1: Beginning Domain Validation
[    7.197617] random: fast init done
[    7.199453] scsi target2:0:1: Domain Validation skipping write tests
[    7.225626] scsi target2:0:1: Ending Domain Validation
[    7.229165] scsi target2:0:1: asynchronous
[    7.458497] random: systemd-udevd: uninitialized urandom read (16 bytes read)
[    7.458906] sd 2:0:0:0: [sda] 20971520 512-byte logical blocks: (10.7 GB/10.0 GiB)
[    7.461790] random: systemd-udevd: uninitialized urandom read (16 bytes read)
[    7.464444] sd 2:0:0:0: Attached scsi generic sg0 type 0
[    7.466769] random: systemd-udevd: uninitialized urandom read (16 bytes read)
[    7.467027] sd 2:0:0:0: [sda] Write Protect is off
[    7.472466] sd 2:0:1:0: Attached scsi generic sg1 type 0
[    7.472548] sd 2:0:0:0: [sda] Incomplete mode parameter data
[    7.474356] sd 2:0:1:0: [sdb] 20480 512-byte logical blocks: (10.5 MB/10.0 MiB)
[    7.485879] sd 2:0:0:0: [sda] Assuming drive cache: write through
[    7.490448] sd 2:0:1:0: [sdb] Write Protect is off
[    7.501380] sd 2:0:1:0: [sdb] Incomplete mode parameter data
[    7.502988] sd 2:0:1:0: [sdb] Assuming drive cache: write through
[    7.507934]  sda: sda1
[    7.509575] sd 2:0:1:0: [sdb] Attached SCSI disk
[    7.521883] sd 2:0:0:0: [sda] Attached SCSI disk
Begin: Loading essential drivers ... [    9.048961] raid6: sse2x1   gen()  7163 MB/s
[    9.112101] raid6: sse2x1   xor()  5640 MB/s
[    9.192374] raid6: sse2x2   gen()  6299 MB/s
[    9.268491] raid6: sse2x2   xor()  2539 MB/s
[    9.320273] raid6: sse2x4   gen()  4464 MB/s
[    9.376042] raid6: sse2x4   xor()  3351 MB/s
[    9.377820] raid6: using algorithm sse2x1 gen() 7163 MB/s
[    9.380117] raid6: .... xor() 5640 MB/s, rmw enabled
[    9.389451] raid6: using ssse3x2 recovery algorithm
[    9.393426] xor: automatically using best checksumming function   avx       
[    9.398500] async_tx: api initialized (async)
done.
Begin: Running /scripts/init-premount ... done.
Begin: Mounting root file system ... Begin: Running /scripts/local-top ... done.
Begin: Running /scripts/local-premount ... [    9.484820] Btrfs loaded, crc32c=crc32c-intel
Scanning for Btrfs filesystems
done.
Warning: fsck not present, so skipping root file system
[    9.547130] EXT4-fs (sda1): mounted filesystem with ordered data mode. Opts: (null)
done.
Begin: Running /scripts/local-bottom ... done.
Begin: Running /scripts/init-bottom ... done.
[    9.744496] ip_tables: (C) 2000-2006 Netfilter Core Team
[    9.762293] systemd[1]: systemd 237 running in system mode. (+PAM +AUDIT +SELINUX +IMA +APPARMOR +SMACK +SYSVINIT +UTMP +LIBCRYPTSETUP +GCRYPT +GNUTLS +ACL +XZ +LZ4 +SECCOMP +BLKID +ELFUTILS +KMOD -IDN2 +IDN -PCRE2 default-hierarchy=hybrid)
[    9.768148] systemd[1]: Detected virtualization oracle.
[    9.778118] systemd[1]: Detected architecture x86-64.

Welcome to [1mUbuntu 18.04.3 LTS[0m!

[    9.793793] systemd[1]: Set hostname to <ubuntu>.
[    9.803437] systemd[1]: Initializing machine ID from random generator.
[    9.807753] systemd[1]: Installed transient /etc/machine-id file.
[   10.173698] systemd[1]: Started Forward Password Requests to Wall Directory Watch.
[[0;32m  OK  [0m] Started Forward Password Requests to Wall Directory Watch.
[   10.196962] systemd[1]: Set up automount Arbitrary Executable File Formats File System Automount Point.
[[0;32m  OK  [0m] Set up automount Arbitrary Executabâ€¦rmats File System Automount Point.
[   10.206154] systemd[1]: Created slice System Slice.
[[0;32m  OK  [0m] Created slice System Slice.
[   10.232849] systemd[1]: Created slice system-serial\x2dgetty.slice.
[[0;32m  OK  [0m] Created slice system-serial\x2dgetty.slice.
[[0;32m  OK  [0m] Listening on Journal Audit Socket.
[[0;32m  OK  [0m] Listening on /dev/initctl Compatibility Named Pipe.
[[0;32m  OK  [0m] Listening on Network Service Netlink Socket.
[[0;32m  OK  [0m] Listening on udev Kernel Socket.
[[0;32m  OK  [0m] Listening on Journal Socket (/dev/log).
[[0;32m  OK  [0m] Listening on LVM2 metadata daemon socket.
[[0;32m  OK  [0m] Listening on Journal Socket.
         Mounting Kernel Debug File System...
         Starting Load Kernel Modules...
         Starting Create list of required stâ€¦ce nodes for the current kernel...
         Starting Uncomplicated firewall...
[   10.522677] Loading iSCSI transport class v2.0-870.
         Starting Remount Root and Kernel File Systems...
         Mounting Huge Pages File System...
[[0;32m  OK  [0m] Reached target User and Group Name Lookups.
[[0;32m  OK  [0m] Listening on Syslog Socket.
[[0;32m  OK  [0m] Listening on Device-mapper event daemon FIFOs.
         Starting Monitor[   10.558859] EXT4-fs (sda1): re-mounted. Opts: (null)
ing of LVM2 mirrorsâ€¦ng dmeventd or progress polling...
[[0;32m  OK  [0[   10.581687] iscsi: registered transport (tcp)
m] Created slice User and Session Slice.
[[0;32m  OK  [0m] Reached target Slices.
[   10.684546] iscsi: registered transport (iser)
         Starting Journal Service...
         Mounting POSIX Message Queue File System...
[[0;32m  OK  [0m] Reached target System Time Synchronized.
[[0;32m  OK  [0m] Listening on udev Control Socket.
         Starting udev Coldplug all Devices...
[[0;32m  OK  [0m] Listening on LVM2 poll daemon socket.
         Starting Set the console keyboard layout...
[[0;32m  OK  [0m] Reached target Swap.
[[0;32m  OK  [0m] Started Journal Service.
[[0;32m  OK  [0m] Mounted Kernel Debug File System.
[[0;32m  OK  [0m] Started Load Kernel Modules.
[[0;32m  OK  [0m] Started Create list of required staâ€¦vice nodes for the current kernel.
[[0;32m  OK  [0m] Started Uncomplicated firewall.
[[0;32m  OK  [0m] Started Remount Root and Kernel File Systems.
[[0;32m  OK  [0m] Mounted Huge Pages File System.
[[0;32m  OK  [0m] Mounted POSIX Message Queue File System.
[[0;32m  OK  [0m] Started Set the console keyboard layout.
[[0;32m  OK  [0m] Started LVM2 metadata daemon.
         Starting Load/Save Random Seed...
         Starting Create Static Device Nodes in /dev...
         Starting Apply Kernel Variables...
         Mounting Kernel Configuration File System...
         Mounting FUSE Control File System...
         Starting Flush Journal to Persistent Storage...
[[0;32m  OK  [0m] Started Monitoring of LVM2 mirrors,â€¦sing dmeventd or progress polling.
[[0;32m  OK  [0m] Started udev Coldplug all Devices.
[[0;32m  OK  [0m] Started Load/Save Random Seed.
[[0;32m  OK  [0m] Started Create Static Device Nodes in /dev.
[[0;32m  OK  [0m] Started Apply Kernel Variables.
[[0;32m  OK  [0m] Mounted Kernel Configuration File System.
[[0;32m  OK  [0m] Mounted FUSE Control File System.
         Starting udev Kernel Device Manager...
[[0;32m  OK  [0m] Reached target Local File Systems (Pre).
[[0;32m  OK  [0m] Reached target Local File Systems.
         Starting Commit a transient machine-id on disk...
         Starting AppArmor initialization...
         Starting ebtables ruleset management...
         Starting Tell Plymouth To Write Out Runtime Data...
         Starting Set console font and keymap...
[[0;32m  OK  [0m] Started udev Kernel Device Manager.
[[0;32m  OK  [0m] Started Commit a transient machine-id on disk.
[[0;32m  OK  [0m] Started Tell Plymouth To Write Out Runtime Data.
[[0;32m  OK  [0m] Started Set console font and keymap.
[[0;32m  OK  [0m] Started Dispatch Password Requests to Console Directory Watch.
[[0;32m  OK  [0m] Reached target Local Encrypted Volumes.
[[0;32m  OK  [0m] Started Flush Journal to Persistent Storage.
[[0;32m  OK  [0m] Started ebtables ruleset management.
         Starting Create Volatile Files and Directories...
[[0;32m  OK  [0m] Started Create Volatile Files and Directories.
         Starting Update UTMP about System Boot/Shutdown...
[[0;32m  OK  [0m] Started Update UTMP about System Boot/Shutdown.
[[0;32m  OK  [0m] Found device /dev/ttyS0.
[[0;32m  OK  [0m] Listening on Load/Save RF Kill Switch Status /dev/rfkill Watch.
[[0;32m  OK  [0m] Started AppArmor initialization.
         Starting Initial cloud-init job (pre-networking)...
[   15.542400] cloud-init[541]: Cloud-init v. 19.2-24-ge7881d5c-0ubuntu1~18.04.1 running 'init-local' at Thu, 26 Sep 2019 10:21:41 +0000. Up 14.76 seconds.
[[0;32m  OK  [0m] Started Initial cloud-init job (pre-networking).
[[0;32m  OK  [0m] Reached target Network (Pre).
         Starting Network Service...
[[0;32m  OK  [0m] Started Network Service.
         Starting Network Name Resolution...
         Starting Wait for Network to be Configured...
[[0;32m  OK  [0m] Started Network Name Resolution.
[[0;32m  OK  [0m] Reached target Host and Network Name Lookups.
[[0;32m  OK  [0m] Reached target Network.
[[0;32m  OK  [0m] Started Wait for Network to be Configured.
         Starting Initial cloud-init job (metadata service crawler)...
[   18.529067] cloud-init[657]: Cloud-init v. 19.2-24-ge7881d5c-0ubuntu1~18.04.1 running 'init' at Thu, 26 Sep 2019 10:21:44 +0000. Up 18.22 seconds.
[   18.537223] cloud-init[657]: ci-info: ++++++++++++++++++++++++++++++++++++++Net device info+++++++++++++++++++++++++++++++++++++++
[   18.541914] cloud-init[657]: ci-info: +--------+-------+----------------------------+---------------+--------+-------------------+
[   18.548490] cloud-init[657]: ci-info: | Device |   Up  |          Address           |      Mask     | Scope  |     Hw-Address    |
[   18.554449] cloud-init[657]: ci-info: +--------+-------+----------------------------+---------------+--------+-------------------+
[   18.563446] cloud-init[657]: ci-info: | enp0s3 |  True |         10.0.2.15          | 255.255.255.0 | global | 02:b7:5c:02:92:a2 |
[   18.575634] cloud-init[657]: ci-info: | enp0s3 |  True | fe80::b7:5cff:fe02:92a2/64 |       .       |  link  | 02:b7:5c:02:92:a2 |
[   18.599043] cloud-init[657]: ci-info: | enp0s8 | False |             .              |       .       |   .    | 08:00:27:98:02:f2 |
[   18.619232] cloud-init[657]: ci-info: |   lo   |  True |         127.0.0.1          |   255.0.0.0   |  host  |         .         |
[   18.680313] cloud-init[657]: ci-info: |   lo   |  True |          ::1/128           |       .       |  host  |         .         |
[   18.697473] cloud-init[657]: ci-info: +--------+-------+----------------------------+---------------+--------+-------------------+
[   18.711370] cloud-init[657]: ci-info: ++++++++++++++++++++++++++++Route IPv4 info+++++++++++++++++++++++++++++
[   18.765717] cloud-init[657]: ci-info: +-------+-------------+----------+-----------------+-----------+-------+
[   18.780360] cloud-init[657]: ci-info: | Route | Destination | Gateway  |     Genmask     | Interface | Flags |
[   18.826803] cloud-init[657]: ci-info: +-------+-------------+----------+-----------------+-----------+-------+
[   18.860621] cloud-init[657]: ci-info: |   0   |   0.0.0.0   | 10.0.2.2 |     0.0.0.0     |   enp0s3  |   UG  |
[   18.892318] cloud-init[657]: ci-info: |   1   |   10.0.2.0  | 0.0.0.0  |  255.255.255.0  |   enp0s3  |   U   |
[   18.928363] cloud-init[657]: ci-info: |   2   |   10.0.2.2  | 0.0.0.0  | 255.255.255.255 |   enp0s3  |   UH  |
[   18.976813] cloud-init[657]: ci-info: +-------+-------------+----------+-----------------+-----------+-------+
[   18.985572] cloud-init[657]: ci-info: +++++++++++++++++++Route IPv6 info+++++++++++++++++++
[   18.993221] cloud-init[657]: ci-info: +-------+-------------+---------+-----------+-------+
[   19.029046] cloud-init[657]: ci-info: | Route | Destination | Gateway | Interface | Flags |
[   19.050578] cloud-init[657]: ci-info: +-------+-------------+---------+-----------+-------+
[   19.055186] cloud-init[657]: ci-info: |   1   |  fe80::/64  |    ::   |   enp0s3  |   U   |
[   19.059219] cloud-init[657]: ci-info: |   3   |    local    |    ::   |   enp0s3  |   U   |
[   19.069733] cloud-init[657]: ci-info: |   4   |   ff00::/8  |    ::   |   enp0s3  |   U   |
[   19.079661] cloud-init[657]: ci-info: +-------+-------------+---------+-----------+-------+
[   19.643802] cloud-init[657]: Generating public/private rsa key pair.
[   19.662146] cloud-init[657]: Your identification has been saved in /etc/ssh/ssh_host_rsa_key.
[   19.679099] cloud-init[657]: Your public key has been saved in /etc/ssh/ssh_host_rsa_key.pub.
[   19.697142] cloud-init[657]: The key fingerprint is:
[   19.702119] cloud-init[657]: SHA256:2ppzGxApFUYQi8g9WU+n7dysNVfLI4qu0Tza/iHCiIg root@ubuntu-bionic
[   19.724696] cloud-init[657]: The key's randomart image is:
[   19.727472] cloud-init[657]: +---[RSA 2048]----+
[   19.748305] cloud-init[657]: |    o==o .       |
[   19.752131] cloud-init[657]: |....o+o.+        |
[   19.771819] cloud-init[657]: |...+o oo .     . |
[[0;32m  OK  [0m] [   19.808415] cloud-init[657]: |    .. .o o   o .|
Started Initial cloud-init job (metadata service crawler).
[   19.815840] [[0;32m  OK  [0m] Reached target Cloud-config availability.
[[0;32m  OK  [0m] Reached target Network is Online.
cloud-init[657]: |      . So = o + |
         Starting Availability of block devices...
[[0;32m  OK  [0m] Reached target Remote File Systems (Pre).
[[0;32m  OK  [0m] Reached target Remote File Systems.
[[0;32m  OK  [0m] Reached target System Initialization.
[   19.838597] cloud-init[657]: |. . . o+o + + . .|
[   19.879103] cloud-init[657]: |E. . ..+oB o     |[[0;32m  OK  [0m] Started ACPI Events Check.
[[0;32m  OK  [0m] Listening on Open-iSCSI iscsid Socket.

[   19.884481] cloud-init[657]: |      .oB.o .    |
         Starting LXD - unix socket.
[   19.888063] [[0;32m  OK  [0m] Started Daily apt download activities.
[[0;32m  OK  [0m] Listening on ACPID Listen Socket.
[[0;32m  OK  [0m] Started Message of the Day.
[[0;32m  OK  [0m] Listening on UUID daemon activation socket.
cloud-init[657]: |      o=+=..     |
         Starting Socket activation for snappy daemon.[   19.963485] cloud-init[657]: +----[SHA256]-----+
[   19.963567] cloud-init[657]: Generating public/private dsa key pair.
[   19.963630] cloud-init[657]: Your identification has been saved in /etc/ssh/ssh_host_dsa_key.
[   19.963690] cloud-init[657]: Your public key has been saved in /etc/ssh/ssh_host_dsa_key.pub.
[   19.963752] cloud-init[657]: The key fingerprint is:
[   19.963809] cloud-init[657]: SHA256:Z5zwJuNZnDEiFcqKYTmlKHh3FmKndHtB6HF196E7STw root@ubuntu-bionic
[   19.963868] cloud-init[657]: The key's randomart image is:
[   19.963922] cloud-init[657]: +---[DSA 1024]----+
[   19.964071] cloud-init[657]: |    = +o=o. . .. |
[   19.964141] cloud-init[657]: |.. * *o=.. ......|
[   19.964203] cloud-init[657]: |+ B o.Bo+ o  E  .|
[   19.964252] cloud-init[657]: |.o = +.o * =. +  |
[   19.964302] cloud-init[657]: |  . .   S @  +   |
[   19.964356] cloud-init[657]: |       . O    .  |
[   19.964406] cloud-init[657]: |        o        |
[   19.964460] cloud-init[657]: |                 |
[   19.964517] cloud-init[657]: |                 |
[   19.964566] cloud-init[657]: +----[SHA256]-----+
[   19.964615] cloud-init[657]: Generating public/private ecdsa key pair.
[   19.964669] cloud-init[657]: Your identification has been saved in /etc/ssh/ssh_host_ecdsa_key.
[   19.964730] cloud-init[657]: Your public key has been saved in /etc/ssh/ssh_host_ecdsa_key.pub.
[   19.964788] cloud-init[657]: The key fingerprint is:
[   19.964838] cloud-init[657]: SHA256:xcPOYyrgGeJcyPpn76OWED84Ge2+iyIuDnM4+5LA950 root@ubuntu-bionic
[   19.964893] cloud-init[657]: The key's randomart image is:
[   19.964943] cloud-init[657]: +---[ECDSA 256]---+
[   19.965001] cloud-init[657]: |                 |
[   19.965051] cloud-init[657]: |         o       |
[   19.965105] cloud-init[657]: |   .      =      |
[   19.965159] cloud-init[657]: | .o..    + .     |
[   19.965208] cloud-init[657]: |. +B+   S =      |
[   19.965262] cloud-init[657]: |.*==++   o .     |
[   19.965317] cloud-init[657]: |B.=++oo o        |
[   19.965367] cloud-init[657]: |B* .*..E         |
[   19.965421] cloud-init[657]: |**+++*o.         |
[   19.965479] cloud-init[657]: +----[SHA256]-----+
[   19.965528] cloud-init[657]: Generating public/private ed25519 key pair.
[   19.965580] cloud-init[657]: Your identification has been saved in /etc/ssh/ssh_host_ed25519_key.
[   19.965632] cloud-init[657]: Your public key has been saved in /etc/ssh/ssh_host_ed25519_key.pub.
[   19.965687] cloud-init[657]: The key fingerprint is:
[   19.965737] cloud-init[657]: SHA256:gPmtPdYKablrRx3Y5dqBP1Jmg2LoYfqO9/VRWQbzncw root@ubuntu-bionic
[   19.965791] cloud-init[657]: The key's randomart image is:
[   19.965841] cloud-init[657]: +--[ED25519 256]--+
[   19.965898] cloud-init[657]: |              o  |
[   19.965949] cloud-init[657]: |     o      . o+o|
[   19.965998] cloud-init[657]: |    o .. o =   E=|
[   19.966236] cloud-init[657]: |     .+o+ = B  + |
[   19.966295] cloud-init[657]: |     +.oSo O oo  |
[   19.966350] cloud-init[657]: |    . .=..+ +.   |
[   19.966411] cloud-init[657]: |     .*.+ o...   |
[   19.966465] cloud-init[657]: |     o++.+ . .   |
[   19.966893] cloud-init[657]: |    .+++o   .    |
[   19.966950] cloud-init[657]: +----[SHA256]-----+

[[0;32m  OK  [0m] Reached target Paths.
[[0;32m  OK  [0m] Listening on D-Bus System Message Bus Socket.
[[0;32m  OK  [0m] Started Daily Cleanup of Temporary Directories.
[[0;32m  OK  [0m] Started Daily apt upgrade and clean activities.
[[0;32m  OK  [0m] Started Discard unused blocks once a week.
[[0;32m  OK  [0m] Reached target Timers.
[[0;32m  OK  [0m] Started Availability of block devices.
[[0;32m  OK  [0m] Listening on LXD - unix socket.
[[0;32m  OK  [0m] Listening on Socket activation for snappy daemon.
[[0;32m  OK  [0m] Reached target Sockets.
[[0;32m  OK  [0m] Reached target Basic System.
         Starting LSB: Record successful boot for GRUB...
[[0;32m  OK  [0m] Started FUSE filesystem for LXC.
         Starting Permit User Sessions...
[[0;32m  OK  [0m] Started D-Bus System Message Bus.
[[0;32m  OK  [0m] Started Deferred execution scheduler.
         Starting LSB: automatic crash report generation...
         Starting Login Service...
         Starting System Logging Service...
         Starting Accounts Service...
[[0;32m  OK  [0m] Started Regular background program processing daemon.
         Starting Pollinate to seed the pseudo random number generator...
         Starting Virtualbox guest utils...
         Starting Snappy daemon...
[[0;32m  OK  [0m] Started irqbalance daemon.
         Starting Dispatcher daemon for systemd-networkd...
         Starting LXD - container startup/shutdown...
[[0;32m  OK  [0m] Started System Logging Service.
[[0;32m  OK  [0m] Started Permit User Sessions.
[[0;32m  OK  [0m] Started Login Service.
         Starting Authorization Manager...
[[0;32m  OK  [0m] Started Unattended Upgrades Shutdown.
         Starting Terminate Plymouth Boot Screen...
         Starting Hold until boot process finishes up...
[[0;32m  OK  [0m] Started Hold until boot process finishes up.
[[0;32m  OK  [0m] Started Terminate Plymouth Boot Screen.
         Starting Set console scheme...
[[0;32m  OK  [0m] Started Serial Getty on ttyS0.
[[0;32m  OK  [0m] Started LSB: automatic crash report generation.
[[0;32m  OK  [0m] Started Set console scheme.
[[0;32m  OK  [0m] Started LSB: Record successful boot for GRUB.
[[0;32m  OK  [0m] Started Authorization Manager.
[[0;32m  OK  [0m] Started Accounts Service.
[[0;32m  OK  [0m] Created slice system-getty.slice.
[[0;32m  OK  [0m] Started Getty on tty1.
[[0;32m  OK  [0m] Reached target Login Prompts.
[[0;32m  OK  [0m] Started Virtualbox guest utils.
[[0;32m  OK  [0m] Started LXD - container startup/shutdown.
[[0;32m  OK  [0m] Started Dispatcher daemon for systemd-networkd.
[[0;32m  OK  [0m] Started Snappy daemon.
         Starting Wait until snapd is fully seeded...
[[0;32m  OK  [0m] Started Pollinate to seed the pseudo random number generator.
         Starting OpenBSD Secure Shell server...
[[0;32m  OK  [0m] Started OpenBSD Secure Shell server.
[[0;32m  OK  [0m] Created slice User Slice of vagrant.
         Starting User Manager for UID 1000...
[[0;32m  OK  [0m] Started Session 1 of user vagrant.
[[0;32m  OK  [0m] Started User Manager for UID 1000.

Ubuntu 18.04.3 LTS ubuntu-bionic ttyS0

ubuntu-bionic login: [   28.758482] cloud-init[1318]: Cloud-init v. 19.2-24-ge7881d5c-0ubuntu1~18.04.1 running 'modules:config' at Thu, 26 Sep 2019 10:21:54 +0000. Up 27.98 seconds.
ci-info: no authorized ssh keys fingerprints found for user ubuntu.
<14>Sep 26 10:21:56 ec2: 
<14>Sep 26 10:21:56 ec2: #############################################################
<14>Sep 26 10:21:56 ec2: -----BEGIN SSH HOST KEY FINGERPRINTS-----
<14>Sep 26 10:21:56 ec2: 1024 SHA256:Z5zwJuNZnDEiFcqKYTmlKHh3FmKndHtB6HF196E7STw root@ubuntu-bionic (DSA)
<14>Sep 26 10:21:56 ec2: 256 SHA256:xcPOYyrgGeJcyPpn76OWED84Ge2+iyIuDnM4+5LA950 root@ubuntu-bionic (ECDSA)
<14>Sep 26 10:21:56 ec2: 256 SHA256:gPmtPdYKablrRx3Y5dqBP1Jmg2LoYfqO9/VRWQbzncw root@ubuntu-bionic (ED25519)
<14>Sep 26 10:21:56 ec2: 2048 SHA256:2ppzGxApFUYQi8g9WU+n7dysNVfLI4qu0Tza/iHCiIg root@ubuntu-bionic (RSA)
<14>Sep 26 10:21:56 ec2: -----END SSH HOST KEY FINGERPRINTS-----
<14>Sep 26 10:21:56 ec2: #############################################################
-----BEGIN SSH HOST KEY KEYS-----
ecdsa-sha2-nistp256 AAAAE2VjZHNhLXNoYTItbmlzdHAyNTYAAAAIbmlzdHAyNTYAAABBBGGDHAWHRmjv/ZGuTEJ81MYSZ9Ay8KPTcRREtT3+VgPH1vcKebXTAa2pblTUGe4AsIKM96WjhpgPfwFq0ffNbOM= root@ubuntu-bionic
ssh-ed25519 AAAAC3NzaC1lZDI1NTE5AAAAIBpw6bVHxUMM/WNAWuwyemx5WR9D3e31AzAid5dkUwJY root@ubuntu-bionic
ssh-rsa AAAAB3NzaC1yc2EAAAADAQABAAABAQDminO9hJmS3GbrNtME/+qkgJbRANf9aPgMUubmjV9Cq/q5mPq+MePaDmPdD6RopooF6bUrrf9htwJNoxdde5p5ba7/odi3thMI9gFn521FEXyJfV4TwSy2bn//02MiCq/AUcSI2w9BjJScd8sdN95DBb2raVXHnlz1Qzc4KhlegcYua/mKUw2jWvBWzWdVURyITJhgdliBfjJG6HMm6FixjbeSvGOiNWGj2xREfGJNrcG1Ne4v4CUowWfakjBpDaLB/C93Ii6OO9Fb1zdflTcvXBr6CKXBrX7GE0QyC5+Ia02XMPwxvaw3hL82NtTl+CnuHBX9dTmhiynOWR5be/qZ root@ubuntu-bionic
-----END SSH HOST KEY KEYS-----
[   30.008911] cloud-init[1479]: Cloud-init v. 19.2-24-ge7881d5c-0ubuntu1~18.04.1 running 'modules:final' at Thu, 26 Sep 2019 10:21:56 +0000. Up 29.64 seconds.
[   30.009186] cloud-init[1479]: ci-info: no authorized ssh keys fingerprints found for user ubuntu.
[   30.009277] cloud-init[1479]: Cloud-init v. 19.2-24-ge7881d5c-0ubuntu1~18.04.1 finished at Thu, 26 Sep 2019 10:21:56 +0000. Datasource DataSourceNoCloud [seed=/dev/sdb][dsmode=net].  Up 29.99 seconds
